all-default: fg=0,0,0 bg=255,255,255 ft=fixed
bg-fg-font-set: fg=0,255,0 bg=255,0,0 ft=proportional
bg-fg-set: fg=0,255,0 bg=255,0,0 ft=fixed
bg-font-set: fg=0,0,0 bg=255,0,0 ft=proportional
bg-set: fg=0,0,0 bg=255,0,0 ft=fixed
fg-font-set: fg=0,255,0 bg=255,255,255 ft=proportional
fg-set: fg=0,255,0 bg=255,255,255 ft=fixed
ft-set: fg=0,0,0 bg=255,255,255 ft=proportional
