-----------------
                 
                 
                 
                 
                 
                 
                 
                 
                 
                 
                 
-----------------
01234567890123456
Player 'o' to move:
   o
   v
-----------------
                 
                 
                 
                 
                 
                 
                 
                 
                 
                 
   o             
-----------------
01234567890123456
Player 'x' to move:
              x
              v
-----------------
                 
                 
                 
                 
                 
                 
                 
                 
                 
                 
   o          x  
-----------------
01234567890123456
Player 'o' to move:
         o
         v
-----------------
                 
                 
                 
                 
                 
                 
                 
                 
                 
                 
   o     o    x  
-----------------
01234567890123456
Player 'x' to move:
     x
     v
-----------------
                 
                 
                 
                 
                 
                 
                 
                 
                 
                 
   o x   o    x  
-----------------
01234567890123456
Player 'o' to move:
            o
            v
-----------------
                 
                 
                 
                 
                 
                 
                 
                 
                 
                 
   o x   o  o x  
-----------------
01234567890123456
Player 'x' to move:
           x
           v
-----------------
                 
                 
                 
                 
                 
                 
                 
                 
                 
                 
   o x   o xo x  
-----------------
01234567890123456
Player 'o' to move:
         o
         v
-----------------
                 
                 
                 
                 
                 
                 
                 
                 
                 
         o       
   o x   o xo x  
-----------------
01234567890123456
Player 'x' to move:
       x
       v
-----------------
                 
                 
                 
                 
                 
                 
                 
                 
                 
         o       
   o x x o xo x  
-----------------
01234567890123456
Player 'o' to move:
              o
              v
-----------------
                 
                 
                 
                 
                 
                 
                 
                 
                 
         o    o  
   o x x o xo x  
-----------------
01234567890123456
Player 'x' to move:
              x
              v
-----------------
                 
                 
                 
                 
                 
                 
                 
                 
              x  
         o    o  
   o x x o xo x  
-----------------
01234567890123456
Player 'o' to move:
        o
        v
-----------------
                 
                 
                 
                 
                 
                 
                 
                 
              x  
         o    o  
   o x xoo xo x  
-----------------
01234567890123456
Player 'x' to move:
                x
                v
-----------------
                 
                 
                 
                 
                 
                 
                 
                 
              x  
         o    o  
   o x xoo xo x x
-----------------
01234567890123456
Player 'o' to move:
          o
          v
-----------------
                 
                 
                 
                 
                 
                 
                 
                 
              x  
         o    o  
   o x xoooxo x x
-----------------
01234567890123456
Player 'x' to move:
             x
             v
-----------------
                 
                 
                 
                 
                 
                 
                 
                 
              x  
         o    o  
   o x xoooxoxx x
-----------------
01234567890123456
Player 'o' to move:
            o
            v
-----------------
                 
                 
                 
                 
                 
                 
                 
                 
              x  
         o  o o  
   o x xoooxoxx x
-----------------
01234567890123456
Player 'x' to move:
    x
    v
-----------------
                 
                 
                 
                 
                 
                 
                 
                 
              x  
         o  o o  
   oxx xoooxoxx x
-----------------
01234567890123456
Player 'o' to move:
     o
     v
-----------------
                 
                 
                 
                 
                 
                 
                 
                 
              x  
     o   o  o o  
   oxx xoooxoxx x
-----------------
01234567890123456
Player 'x' to move:
             x
             v
-----------------
                 
                 
                 
                 
                 
                 
                 
                 
              x  
     o   o  oxo  
   oxx xoooxoxx x
-----------------
01234567890123456
Player 'o' to move:
         o
         v
-----------------
                 
                 
                 
                 
                 
                 
                 
                 
         o    x  
     o   o  oxo  
   oxx xoooxoxx x
-----------------
01234567890123456
Player 'x' to move:
                x
                v
-----------------
                 
                 
                 
                 
                 
                 
                 
                 
         o    x  
     o   o  oxo x
   oxx xoooxoxx x
-----------------
01234567890123456
Player 'o' to move:
o
v
-----------------
                 
                 
                 
                 
                 
                 
                 
                 
         o    x  
     o   o  oxo x
o  oxx xoooxoxx x
-----------------
01234567890123456
Player 'x' to move:
               x
               v
-----------------
                 
                 
                 
                 
                 
                 
                 
                 
         o    x  
     o   o  oxo x
o  oxx xoooxoxxxx
-----------------
01234567890123456
Player 'x' wins!
