-------
       
       
       
       
       
       
       
       
       
       
       
       
       
       
       
-------
0123456
Player 'o' to move:
  o
  v
-------
       
       
       
       
       
       
       
       
       
       
       
       
       
       
  o    
-------
0123456
Player 'x' to move:
 x
 v
-------
       
       
       
       
       
       
       
       
       
       
       
       
       
       
 xo    
-------
0123456
Player 'o' to move:
 o
 v
-------
       
       
       
       
       
       
       
       
       
       
       
       
       
 o     
 xo    
-------
0123456
Player 'x' to move:
     x
     v
-------
       
       
       
       
       
       
       
       
       
       
       
       
       
 o     
 xo  x 
-------
0123456
Player 'o' to move:
  o
  v
-------
       
       
       
       
       
       
       
       
       
       
       
       
       
 oo    
 xo  x 
-------
0123456
Player 'x' to move:
    x
    v
-------
       
       
       
       
       
       
       
       
       
       
       
       
       
 oo    
 xo xx 
-------
0123456
Player 'o' to move:
   o
   v
-------
       
       
       
       
       
       
       
       
       
       
       
       
       
 oo    
 xooxx 
-------
0123456
Player 'x' to move:
   x
   v
-------
       
       
       
       
       
       
       
       
       
       
       
       
       
 oox   
 xooxx 
-------
0123456
Player 'o' to move:
 o
 v
-------
       
       
       
       
       
       
       
       
       
       
       
       
 o     
 oox   
 xooxx 
-------
0123456
Player 'x' to move:
 x
 v
-------
       
       
       
       
       
       
       
       
       
       
       
 x     
 o     
 oox   
 xooxx 
-------
0123456
Player 'o' to move:
      o
      v
-------
       
       
       
       
       
       
       
       
       
       
       
 x     
 o     
 oox   
 xooxxo
-------
0123456
Player 'x' to move:
  x
  v
-------
       
       
       
       
       
       
       
       
       
       
       
 x     
 ox    
 oox   
 xooxxo
-------
0123456
Player 'x' wins!
