-----------------
                 
                 
                 
                 
                 
                 
                 
                 
                 
                 
                 
-----------------
01234567890123456
Player 'o' to move:
        o
        v
-----------------
                 
                 
                 
                 
                 
                 
                 
                 
                 
                 
        o        
-----------------
01234567890123456
Player 'x' to move:
        x
        v
-----------------
                 
                 
                 
                 
                 
                 
                 
                 
                 
        x        
        o        
-----------------
01234567890123456
Player 'o' to move:
      o
      v
-----------------
                 
                 
                 
                 
                 
                 
                 
                 
                 
        x        
      o o        
-----------------
01234567890123456
Player 'x' to move:
           x
           v
-----------------
                 
                 
                 
                 
                 
                 
                 
                 
                 
        x        
      o o  x     
-----------------
01234567890123456
Player 'o' to move:
      o
      v
-----------------
                 
                 
                 
                 
                 
                 
                 
                 
                 
      o x        
      o o  x     
-----------------
01234567890123456
Player 'x' to move:
  x
  v
-----------------
                 
                 
                 
                 
                 
                 
                 
                 
                 
      o x        
  x   o o  x     
-----------------
01234567890123456
Player 'o' to move:
            o
            v
-----------------
                 
                 
                 
                 
                 
                 
                 
                 
                 
      o x        
  x   o o  xo    
-----------------
01234567890123456
Player 'x' to move:
 x
 v
-----------------
                 
                 
                 
                 
                 
                 
                 
                 
                 
      o x        
 xx   o o  xo    
-----------------
01234567890123456
Player 'o' to move:
o
v
-----------------
                 
                 
                 
                 
                 
                 
                 
                 
                 
      o x        
oxx   o o  xo    
-----------------
01234567890123456
Player 'x' to move:
  x
  v
-----------------
                 
                 
                 
                 
                 
                 
                 
                 
                 
  x   o x        
oxx   o o  xo    
-----------------
01234567890123456
Player 'o' to move:
 o
 v
-----------------
                 
                 
                 
                 
                 
                 
                 
                 
                 
 ox   o x        
oxx   o o  xo    
-----------------
01234567890123456
Player 'x' to move:
   x
   v
-----------------
                 
                 
                 
                 
                 
                 
                 
                 
                 
 ox   o x        
oxxx  o o  xo    
-----------------
01234567890123456
Player 'o' to move:
        o
        v
-----------------
                 
                 
                 
                 
                 
                 
                 
                 
        o        
 ox   o x        
oxxx  o o  xo    
-----------------
01234567890123456
Player 'x' to move:
      x
      v
-----------------
                 
                 
                 
                 
                 
                 
                 
                 
      x o        
 ox   o x        
oxxx  o o  xo    
-----------------
01234567890123456
Player 'o' to move:
             o
             v
-----------------
                 
                 
                 
                 
                 
                 
                 
                 
      x o        
 ox   o x        
oxxx  o o  xoo   
-----------------
01234567890123456
Player 'x' to move:
                x
                v
-----------------
                 
                 
                 
                 
                 
                 
                 
                 
      x o        
 ox   o x        
oxxx  o o  xoo  x
-----------------
01234567890123456
Player 'o' to move:
        o
        v
-----------------
                 
                 
                 
                 
                 
                 
                 
        o        
      x o        
 ox   o x        
oxxx  o o  xoo  x
-----------------
01234567890123456
Player 'x' to move:
             x
             v
-----------------
                 
                 
                 
                 
                 
                 
                 
        o        
      x o        
 ox   o x    x   
oxxx  o o  xoo  x
-----------------
01234567890123456
Player 'o' to move:
            o
            v
-----------------
                 
                 
                 
                 
                 
                 
                 
        o        
      x o        
 ox   o x   ox   
oxxx  o o  xoo  x
-----------------
01234567890123456
Player 'x' to move:
 x
 v
-----------------
                 
                 
                 
                 
                 
                 
                 
        o        
 x    x o        
 ox   o x   ox   
oxxx  o o  xoo  x
-----------------
01234567890123456
Player 'o' to move:
               o
               v
-----------------
                 
                 
                 
                 
                 
                 
                 
        o        
 x    x o        
 ox   o x   ox   
oxxx  o o  xoo ox
-----------------
01234567890123456
Player 'x' to move:
  x
  v
-----------------
                 
                 
                 
                 
                 
                 
                 
        o        
 xx   x o        
 ox   o x   ox   
oxxx  o o  xoo ox
-----------------
01234567890123456
Player 'o' to move:
    o
    v
-----------------
                 
                 
                 
                 
                 
                 
                 
        o        
 xx   x o        
 ox   o x   ox   
oxxxo o o  xoo ox
-----------------
01234567890123456
Player 'x' to move:
     x
     v
-----------------
                 
                 
                 
                 
                 
                 
                 
        o        
 xx   x o        
 ox   o x   ox   
oxxxoxo o  xoo ox
-----------------
01234567890123456
Player 'o' to move:
    o
    v
-----------------
                 
                 
                 
                 
                 
                 
                 
        o        
 xx   x o        
 ox o o x   ox   
oxxxoxo o  xoo ox
-----------------
01234567890123456
Player 'x' to move:
    x
    v
-----------------
                 
                 
                 
                 
                 
                 
                 
        o        
 xx x x o        
 ox o o x   ox   
oxxxoxo o  xoo ox
-----------------
01234567890123456
Player 'o' to move:
   o
   v
-----------------
                 
                 
                 
                 
                 
                 
                 
        o        
 xx x x o        
 oxoo o x   ox   
oxxxoxo o  xoo ox
-----------------
01234567890123456
Player 'x' to move:
      x
      v
-----------------
                 
                 
                 
                 
                 
                 
                 
      x o        
 xx x x o        
 oxoo o x   ox   
oxxxoxo o  xoo ox
-----------------
01234567890123456
Player 'o' to move:
 o
 v
-----------------
                 
                 
                 
                 
                 
                 
                 
 o    x o        
 xx x x o        
 oxoo o x   ox   
oxxxoxo o  xoo ox
-----------------
01234567890123456
Player 'x' to move:
               x
               v
-----------------
                 
                 
                 
                 
                 
                 
                 
 o    x o        
 xx x x o        
 oxoo o x   ox x 
oxxxoxo o  xoo ox
-----------------
01234567890123456
Player 'o' to move:
      o
      v
-----------------
                 
                 
                 
                 
                 
                 
      o          
 o    x o        
 xx x x o        
 oxoo o x   ox x 
oxxxoxo o  xoo ox
-----------------
01234567890123456
Player 'x' to move:
           x
           v
-----------------
                 
                 
                 
                 
                 
                 
      o          
 o    x o        
 xx x x o        
 oxoo o x  xox x 
oxxxoxo o  xoo ox
-----------------
01234567890123456
Player 'o' to move:
           o
           v
-----------------
                 
                 
                 
                 
                 
                 
      o          
 o    x o        
 xx x x o  o     
 oxoo o x  xox x 
oxxxoxo o  xoo ox
-----------------
01234567890123456
Player 'x' to move:
      x
      v
-----------------
                 
                 
                 
                 
                 
      x          
      o          
 o    x o        
 xx x x o  o     
 oxoo o x  xox x 
oxxxoxo o  xoo ox
-----------------
01234567890123456
Player 'o' to move:
   o
   v
-----------------
                 
                 
                 
                 
                 
      x          
      o          
 o    x o        
 xxox x o  o     
 oxoo o x  xox x 
oxxxoxo o  xoo ox
-----------------
01234567890123456
Player 'x' to move:
         x
         v
-----------------
                 
                 
                 
                 
                 
      x          
      o          
 o    x o        
 xxox x o  o     
 oxoo o x  xox x 
oxxxoxo ox xoo ox
-----------------
01234567890123456
Player 'o' to move:
        o
        v
-----------------
                 
                 
                 
                 
                 
      x          
      o o        
 o    x o        
 xxox x o  o     
 oxoo o x  xox x 
oxxxoxo ox xoo ox
-----------------
01234567890123456
Player 'x' to move:
                x
                v
-----------------
                 
                 
                 
                 
                 
      x          
      o o        
 o    x o        
 xxox x o  o     
 oxoo o x  xox xx
oxxxoxo ox xoo ox
-----------------
01234567890123456
Player 'o' to move:
      o
      v
-----------------
                 
                 
                 
                 
      o          
      x          
      o o        
 o    x o        
 xxox x o  o     
 oxoo o x  xox xx
oxxxoxo ox xoo ox
-----------------
01234567890123456
Player 'x' to move:
      x
      v
-----------------
                 
                 
                 
      x          
      o          
      x          
      o o        
 o    x o        
 xxox x o  o     
 oxoo o x  xox xx
oxxxoxo ox xoo ox
-----------------
01234567890123456
Player 'o' to move:
   o
   v
-----------------
                 
                 
                 
      x          
      o          
      x          
      o o        
 o o  x o        
 xxox x o  o     
 oxoo o x  xox xx
oxxxoxo ox xoo ox
-----------------
01234567890123456
Player 'x' to move:
              x
              v
-----------------
                 
                 
                 
      x          
      o          
      x          
      o o        
 o o  x o        
 xxox x o  o     
 oxoo o x  xox xx
oxxxoxo ox xooxox
-----------------
01234567890123456
Player 'o' to move:
        o
        v
-----------------
                 
                 
                 
      x          
      o          
      x o        
      o o        
 o o  x o        
 xxox x o  o     
 oxoo o x  xox xx
oxxxoxo ox xooxox
-----------------
01234567890123456
Player 'o' wins!
