-------
       
       
       
       
       
       
       
       
       
       
       
       
       
       
       
-------
0123456
Player 'o' to move:
 o
 v
-------
       
       
       
       
       
       
       
       
       
       
       
       
       
       
 o     
-------
0123456
Player 'x' to move:
  x
  v
-------
       
       
       
       
       
       
       
       
       
       
       
       
       
       
 ox    
-------
0123456
Player 'o' to move:
    o
    v
-------
       
       
       
       
       
       
       
       
       
       
       
       
       
       
 ox o  
-------
0123456
Player 'x' to move:
      x
      v
-------
       
       
       
       
       
       
       
       
       
       
       
       
       
       
 ox o x
-------
0123456
Player 'o' to move:
   o
   v
-------
       
       
       
       
       
       
       
       
       
       
       
       
       
       
 oxoo x
-------
0123456
Player 'x' to move:
     x
     v
-------
       
       
       
       
       
       
       
       
       
       
       
       
       
       
 oxooxx
-------
0123456
Player 'o' to move:
  o
  v
-------
       
       
       
       
       
       
       
       
       
       
       
       
       
  o    
 oxooxx
-------
0123456
Player 'x' to move:
     x
     v
-------
       
       
       
       
       
       
       
       
       
       
       
       
       
  o  x 
 oxooxx
-------
0123456
Player 'o' to move:
  o
  v
-------
       
       
       
       
       
       
       
       
       
       
       
       
  o    
  o  x 
 oxooxx
-------
0123456
Player 'x' to move:
      x
      v
-------
       
       
       
       
       
       
       
       
       
       
       
       
  o    
  o  xx
 oxooxx
-------
0123456
Player 'o' to move:
o
v
-------
       
       
       
       
       
       
       
       
       
       
       
       
  o    
  o  xx
ooxooxx
-------
0123456
Player 'x' to move:
     x
     v
-------
       
       
       
       
       
       
       
       
       
       
       
       
  o  x 
  o  xx
ooxooxx
-------
0123456
Player 'o' to move:
o
v
-------
       
       
       
       
       
       
       
       
       
       
       
       
  o  x 
o o  xx
ooxooxx
-------
0123456
Player 'x' to move:
x
v
-------
       
       
       
       
       
       
       
       
       
       
       
       
x o  x 
o o  xx
ooxooxx
-------
0123456
Player 'o' to move:
  o
  v
-------
       
       
       
       
       
       
       
       
       
       
       
  o    
x o  x 
o o  xx
ooxooxx
-------
0123456
Player 'x' to move:
    x
    v
-------
       
       
       
       
       
       
       
       
       
       
       
  o    
x o  x 
o o xxx
ooxooxx
-------
0123456
Player 'o' to move:
      o
      v
-------
       
       
       
       
       
       
       
       
       
       
       
  o    
x o  xo
o o xxx
ooxooxx
-------
0123456
Player 'x' to move:
    x
    v
-------
       
       
       
       
       
       
       
       
       
       
       
  o    
x o xxo
o o xxx
ooxooxx
-------
0123456
Player 'o' to move:
     o
     v
-------
       
       
       
       
       
       
       
       
       
       
       
  o  o 
x o xxo
o o xxx
ooxooxx
-------
0123456
Player 'x' to move:
  x
  v
-------
       
       
       
       
       
       
       
       
       
       
  x    
  o  o 
x o xxo
o o xxx
ooxooxx
-------
0123456
Player 'o' to move:
    o
    v
-------
       
       
       
       
       
       
       
       
       
       
  x    
  o oo 
x o xxo
o o xxx
ooxooxx
-------
0123456
Player 'x' to move:
 x
 v
-------
       
       
       
       
       
       
       
       
       
       
  x    
  o oo 
x o xxo
oxo xxx
ooxooxx
-------
0123456
Player 'o' to move:
     o
     v
-------
       
       
       
       
       
       
       
       
       
       
  x  o 
  o oo 
x o xxo
oxo xxx
ooxooxx
-------
0123456
Player 'x' to move:
      x
      v
-------
       
       
       
       
       
       
       
       
       
       
  x  o 
  o oox
x o xxo
oxo xxx
ooxooxx
-------
0123456
Player 'o' to move:
     o
     v
-------
       
       
       
       
       
       
       
       
       
     o 
  x  o 
  o oox
x o xxo
oxo xxx
ooxooxx
-------
0123456
Player 'x' to move:
 x
 v
-------
       
       
       
       
       
       
       
       
       
     o 
  x  o 
  o oox
xxo xxo
oxo xxx
ooxooxx
-------
0123456
Player 'o' to move:
   o
   v
-------
       
       
       
       
       
       
       
       
       
     o 
  x  o 
  o oox
xxo xxo
oxooxxx
ooxooxx
-------
0123456
Player 'x' to move:
    x
    v
-------
       
       
       
       
       
       
       
       
       
     o 
  x xo 
  o oox
xxo xxo
oxooxxx
ooxooxx
-------
0123456
Player 'o' to move:
o
v
-------
       
       
       
       
       
       
       
       
       
     o 
  x xo 
o o oox
xxo xxo
oxooxxx
ooxooxx
-------
0123456
Player 'x' to move:
  x
  v
-------
       
       
       
       
       
       
       
       
       
  x  o 
  x xo 
o o oox
xxo xxo
oxooxxx
ooxooxx
-------
0123456
Player 'o' to move:
o
v
-------
       
       
       
       
       
       
       
       
       
  x  o 
o x xo 
o o oox
xxo xxo
oxooxxx
ooxooxx
-------
0123456
Player 'x' to move:
     x
     v
-------
       
       
       
       
       
       
       
       
     x 
  x  o 
o x xo 
o o oox
xxo xxo
oxooxxx
ooxooxx
-------
0123456
Player 'o' to move:
  o
  v
-------
       
       
       
       
       
       
       
       
  o  x 
  x  o 
o x xo 
o o oox
xxo xxo
oxooxxx
ooxooxx
-------
0123456
Player 'x' to move:
   x
   v
-------
       
       
       
       
       
       
       
       
  o  x 
  x  o 
o x xo 
o o oox
xxoxxxo
oxooxxx
ooxooxx
-------
0123456
Player 'o' to move:
    o
    v
-------
       
       
       
       
       
       
       
       
  o  x 
  x oo 
o x xo 
o o oox
xxoxxxo
oxooxxx
ooxooxx
-------
0123456
Player 'x' to move:
   x
   v
-------
       
       
       
       
       
       
       
       
  o  x 
  x oo 
o x xo 
o oxoox
xxoxxxo
oxooxxx
ooxooxx
-------
0123456
Player 'x' wins!
