-------
       
       
       
       
       
       
       
       
       
       
       
       
       
       
       
-------
0123456
Player 'o' to move:
o
v
-------
       
       
       
       
       
       
       
       
       
       
       
       
       
       
o      
-------
0123456
Player 'x' to move:
      x
      v
-------
       
       
       
       
       
       
       
       
       
       
       
       
       
       
o     x
-------
0123456
Player 'o' to move:
 o
 v
-------
       
       
       
       
       
       
       
       
       
       
       
       
       
       
oo    x
-------
0123456
Player 'x' to move:
  x
  v
-------
       
       
       
       
       
       
       
       
       
       
       
       
       
       
oox   x
-------
0123456
Player 'o' to move:
   o
   v
-------
       
       
       
       
       
       
       
       
       
       
       
       
       
       
ooxo  x
-------
0123456
Player 'x' to move:
x
v
-------
       
       
       
       
       
       
       
       
       
       
       
       
       
x      
ooxo  x
-------
0123456
Player 'o' to move:
     o
     v
-------
       
       
       
       
       
       
       
       
       
       
       
       
       
x      
ooxo ox
-------
0123456
Player 'x' to move:
x
v
-------
       
       
       
       
       
       
       
       
       
       
       
       
x      
x      
ooxo ox
-------
0123456
Player 'o' to move:
      o
      v
-------
       
       
       
       
       
       
       
       
       
       
       
       
x      
x     o
ooxo ox
-------
0123456
Player 'x' to move:
x
v
-------
       
       
       
       
       
       
       
       
       
       
       
x      
x      
x     o
ooxo ox
-------
0123456
Player 'o' to move:
   o
   v
-------
       
       
       
       
       
       
       
       
       
       
       
x      
x      
x  o  o
ooxo ox
-------
0123456
Player 'x' to move:
   x
   v
-------
       
       
       
       
       
       
       
       
       
       
       
x      
x  x   
x  o  o
ooxo ox
-------
0123456
Player 'o' to move:
   o
   v
-------
       
       
       
       
       
       
       
       
       
       
       
x  o   
x  x   
x  o  o
ooxo ox
-------
0123456
Player 'x' to move:
    x
    v
-------
       
       
       
       
       
       
       
       
       
       
       
x  o   
x  x   
x  o  o
ooxoxox
-------
0123456
Player 'o' to move:
   o
   v
-------
       
       
       
       
       
       
       
       
       
       
   o   
x  o   
x  x   
x  o  o
ooxoxox
-------
0123456
Player 'x' to move:
   x
   v
-------
       
       
       
       
       
       
       
       
       
   x   
   o   
x  o   
x  x   
x  o  o
ooxoxox
-------
0123456
Player 'o' to move:
     o
     v
-------
       
       
       
       
       
       
       
       
       
   x   
   o   
x  o   
x  x   
x  o oo
ooxoxox
-------
0123456
Player 'x' to move:
    x
    v
-------
       
       
       
       
       
       
       
       
       
   x   
   o   
x  o   
x  x   
x  oxoo
ooxoxox
-------
0123456
Player 'o' to move:
  o
  v
-------
       
       
       
       
       
       
       
       
       
   x   
   o   
x  o   
x  x   
x ooxoo
ooxoxox
-------
0123456
Player 'x' to move:
   x
   v
-------
       
       
       
       
       
       
       
       
   x   
   x   
   o   
x  o   
x  x   
x ooxoo
ooxoxox
-------
0123456
Player 'o' to move:
 o
 v
-------
       
       
       
       
       
       
       
       
   x   
   x   
   o   
x  o   
x  x   
xoooxoo
ooxoxox
-------
0123456
Player 'x' to move:
x
v
-------
       
       
       
       
       
       
       
       
   x   
   x   
x  o   
x  o   
x  x   
xoooxoo
ooxoxox
-------
0123456
Player 'x' wins!
