--------------------------------------------------------------------------------
                                                                                
                                                                                
                                                                                
                                                                                
                                                                                
                                                                                
                                                                                
                                                                                
                                                                                
                                                                                
                                                                                
                                                                                
                                                                                
                                                                                
                                                                                
                                                                                
                                                                                
                                                                                
                                                                                
                                                                                
--------------------------------------------------------------------------------
01234567890123456789012345678901234567890123456789012345678901234567890123456789
Player 'o' to move:
                                               o
                                               v
--------------------------------------------------------------------------------
                                                                                
                                                                                
                                                                                
                                                                                
                                                                                
                                                                                
                                                                                
                                                                                
                                                                                
                                                                                
                                                                                
                                                                                
                                                                                
                                                                                
                                                                                
                                                                                
                                                                                
                                                                                
                                                                                
                                               o                                
--------------------------------------------------------------------------------
01234567890123456789012345678901234567890123456789012345678901234567890123456789
Player 'x' to move:
                                          x
                                          v
--------------------------------------------------------------------------------
                                                                                
                                                                                
                                                                                
                                                                                
                                                                                
                                                                                
                                                                                
                                                                                
                                                                                
                                                                                
                                                                                
                                                                                
                                                                                
                                                                                
                                                                                
                                                                                
                                                                                
                                                                                
                                                                                
                                          x    o                                
--------------------------------------------------------------------------------
01234567890123456789012345678901234567890123456789012345678901234567890123456789
Player 'o' to move:
        o
        v
--------------------------------------------------------------------------------
                                                                                
                                                                                
                                                                                
                                                                                
                                                                                
                                                                                
                                                                                
                                                                                
                                                                                
                                                                                
                                                                                
                                                                                
                                                                                
                                                                                
                                                                                
                                                                                
                                                                                
                                                                                
                                                                                
        o                                 x    o                                
--------------------------------------------------------------------------------
01234567890123456789012345678901234567890123456789012345678901234567890123456789
Player 'x' to move:
                                                         x
                                                         v
--------------------------------------------------------------------------------
                                                                                
                                                                                
                                                                                
                                                                                
                                                                                
                                                                                
                                                                                
                                                                                
                                                                                
                                                                                
                                                                                
                                                                                
                                                                                
                                                                                
                                                                                
                                                                                
                                                                                
                                                                                
                                                                                
        o                                 x    o         x                      
--------------------------------------------------------------------------------
01234567890123456789012345678901234567890123456789012345678901234567890123456789
Player 'o' to move:
                                         o
                                         v
--------------------------------------------------------------------------------
                                                                                
                                                                                
                                                                                
                                                                                
                                                                                
                                                                                
                                                                                
                                                                                
                                                                                
                                                                                
                                                                                
                                                                                
                                                                                
                                                                                
                                                                                
                                                                                
                                                                                
                                                                                
                                                                                
        o                                ox    o         x                      
--------------------------------------------------------------------------------
01234567890123456789012345678901234567890123456789012345678901234567890123456789
Player 'x' to move:
                                                         x
                                                         v
--------------------------------------------------------------------------------
                                                                                
                                                                                
                                                                                
                                                                                
                                                                                
                                                                                
                                                                                
                                                                                
                                                                                
                                                                                
                                                                                
                                                                                
                                                                                
                                                                                
                                                                                
                                                                                
                                                                                
                                                                                
                                                         x                      
        o                                ox    o         x                      
--------------------------------------------------------------------------------
01234567890123456789012345678901234567890123456789012345678901234567890123456789
Player 'o' to move:
                                                 o
                                                 v
--------------------------------------------------------------------------------
                                                                                
                                                                                
                                                                                
                                                                                
                                                                                
                                                                                
                                                                                
                                                                                
                                                                                
                                                                                
                                                                                
                                                                                
                                                                                
                                                                                
                                                                                
                                                                                
                                                                                
                                                                                
                                                         x                      
        o                                ox    o o       x                      
--------------------------------------------------------------------------------
01234567890123456789012345678901234567890123456789012345678901234567890123456789
Player 'x' to move:
                                               x
                                               v
--------------------------------------------------------------------------------
                                                                                
                                                                                
                                                                                
                                                                                
                                                                                
                                                                                
                                                                                
                                                                                
                                                                                
                                                                                
                                                                                
                                                                                
                                                                                
                                                                                
                                                                                
                                                                                
                                                                                
                                                                                
                                               x         x                      
        o                                ox    o o       x                      
--------------------------------------------------------------------------------
01234567890123456789012345678901234567890123456789012345678901234567890123456789
Player 'o' to move:
                                                             o
                                                             v
--------------------------------------------------------------------------------
                                                                                
                                                                                
                                                                                
                                                                                
                                                                                
                                                                                
                                                                                
                                                                                
                                                                                
                                                                                
                                                                                
                                                                                
                                                                                
                                                                                
                                                                                
                                                                                
                                                                                
                                                                                
                                               x         x                      
        o                                ox    o o       x   o                  
--------------------------------------------------------------------------------
01234567890123456789012345678901234567890123456789012345678901234567890123456789
Player 'x' to move:
    x
    v
--------------------------------------------------------------------------------
                                                                                
                                                                                
                                                                                
                                                                                
                                                                                
                                                                                
                                                                                
                                                                                
                                                                                
                                                                                
                                                                                
                                                                                
                                                                                
                                                                                
                                                                                
                                                                                
                                                                                
                                                                                
                                               x         x                      
    x   o                                ox    o o       x   o                  
--------------------------------------------------------------------------------
01234567890123456789012345678901234567890123456789012345678901234567890123456789
Player 'o' to move:
                                                                    o
                                                                    v
--------------------------------------------------------------------------------
                                                                                
                                                                                
                                                                                
                                                                                
                                                                                
                                                                                
                                                                                
                                                                                
                                                                                
                                                                                
                                                                                
                                                                                
                                                                                
                                                                                
                                                                                
                                                                                
                                                                                
                                                                                
                                               x         x                      
    x   o                                ox    o o       x   o      o           
--------------------------------------------------------------------------------
01234567890123456789012345678901234567890123456789012345678901234567890123456789
Player 'x' to move:
                                             x
                                             v
--------------------------------------------------------------------------------
                                                                                
                                                                                
                                                                                
                                                                                
                                                                                
                                                                                
                                                                                
                                                                                
                                                                                
                                                                                
                                                                                
                                                                                
                                                                                
                                                                                
                                                                                
                                                                                
                                                                                
                                                                                
                                               x         x                      
    x   o                                ox  x o o       x   o      o           
--------------------------------------------------------------------------------
01234567890123456789012345678901234567890123456789012345678901234567890123456789
Player 'o' to move:
                                                  o
                                                  v
--------------------------------------------------------------------------------
                                                                                
                                                                                
                                                                                
                                                                                
                                                                                
                                                                                
                                                                                
                                                                                
                                                                                
                                                                                
                                                                                
                                                                                
                                                                                
                                                                                
                                                                                
                                                                                
                                                                                
                                                                                
                                               x         x                      
    x   o                                ox  x o oo      x   o      o           
--------------------------------------------------------------------------------
01234567890123456789012345678901234567890123456789012345678901234567890123456789
Player 'x' to move:
                                                         x
                                                         v
--------------------------------------------------------------------------------
                                                                                
                                                                                
                                                                                
                                                                                
                                                                                
                                                                                
                                                                                
                                                                                
                                                                                
                                                                                
                                                                                
                                                                                
                                                                                
                                                                                
                                                                                
                                                                                
                                                                                
                                                         x                      
                                               x         x                      
    x   o                                ox  x o oo      x   o      o           
--------------------------------------------------------------------------------
01234567890123456789012345678901234567890123456789012345678901234567890123456789
Player 'o' to move:
                                                o
                                                v
--------------------------------------------------------------------------------
                                                                                
                                                                                
                                                                                
                                                                                
                                                                                
                                                                                
                                                                                
                                                                                
                                                                                
                                                                                
                                                                                
                                                                                
                                                                                
                                                                                
                                                                                
                                                                                
                                                                                
                                                         x                      
                                               x         x                      
    x   o                                ox  x oooo      x   o      o           
--------------------------------------------------------------------------------
01234567890123456789012345678901234567890123456789012345678901234567890123456789
Player 'o' wins!
