-----------------
                 
                 
                 
                 
                 
                 
                 
                 
                 
                 
                 
-----------------
01234567890123456
Player 'o' to move:
  o
  v
-----------------
                 
                 
                 
                 
                 
                 
                 
                 
                 
                 
  o              
-----------------
01234567890123456
Player 'x' to move:
        x
        v
-----------------
                 
                 
                 
                 
                 
                 
                 
                 
                 
                 
  o     x        
-----------------
01234567890123456
Player 'o' to move:
        o
        v
-----------------
                 
                 
                 
                 
                 
                 
                 
                 
                 
        o        
  o     x        
-----------------
01234567890123456
Player 'x' to move:
  x
  v
-----------------
                 
                 
                 
                 
                 
                 
                 
                 
                 
  x     o        
  o     x        
-----------------
01234567890123456
Player 'o' to move:
   o
   v
-----------------
                 
                 
                 
                 
                 
                 
                 
                 
                 
  x     o        
  oo    x        
-----------------
01234567890123456
Player 'x' to move:
   x
   v
-----------------
                 
                 
                 
                 
                 
                 
                 
                 
                 
  xx    o        
  oo    x        
-----------------
01234567890123456
Player 'o' to move:
              o
              v
-----------------
                 
                 
                 
                 
                 
                 
                 
                 
                 
  xx    o        
  oo    x     o  
-----------------
01234567890123456
Player 'x' to move:
       x
       v
-----------------
                 
                 
                 
                 
                 
                 
                 
                 
                 
  xx    o        
  oo   xx     o  
-----------------
01234567890123456
Player 'o' to move:
              o
              v
-----------------
                 
                 
                 
                 
                 
                 
                 
                 
                 
  xx    o     o  
  oo   xx     o  
-----------------
01234567890123456
Player 'x' to move:
         x
         v
-----------------
                 
                 
                 
                 
                 
                 
                 
                 
                 
  xx    o     o  
  oo   xxx    o  
-----------------
01234567890123456
Player 'o' to move:
   o
   v
-----------------
                 
                 
                 
                 
                 
                 
                 
                 
   o             
  xx    o     o  
  oo   xxx    o  
-----------------
01234567890123456
Player 'x' to move:
               x
               v
-----------------
                 
                 
                 
                 
                 
                 
                 
                 
   o             
  xx    o     o  
  oo   xxx    ox 
-----------------
01234567890123456
Player 'o' to move:
 o
 v
-----------------
                 
                 
                 
                 
                 
                 
                 
                 
   o             
  xx    o     o  
 ooo   xxx    ox 
-----------------
01234567890123456
Player 'x' to move:
             x
             v
-----------------
                 
                 
                 
                 
                 
                 
                 
                 
   o             
  xx    o     o  
 ooo   xxx   xox 
-----------------
01234567890123456
Player 'o' to move:
         o
         v
-----------------
                 
                 
                 
                 
                 
                 
                 
                 
   o             
  xx    oo    o  
 ooo   xxx   xox 
-----------------
01234567890123456
Player 'x' to move:
    x
    v
-----------------
                 
                 
                 
                 
                 
                 
                 
                 
   o             
  xx    oo    o  
 ooox  xxx   xox 
-----------------
01234567890123456
Player 'o' to move:
              o
              v
-----------------
                 
                 
                 
                 
                 
                 
                 
                 
   o          o  
  xx    oo    o  
 ooox  xxx   xox 
-----------------
01234567890123456
Player 'x' to move:
               x
               v
-----------------
                 
                 
                 
                 
                 
                 
                 
                 
   o          o  
  xx    oo    ox 
 ooox  xxx   xox 
-----------------
01234567890123456
Player 'o' to move:
         o
         v
-----------------
                 
                 
                 
                 
                 
                 
                 
                 
   o     o    o  
  xx    oo    ox 
 ooox  xxx   xox 
-----------------
01234567890123456
Player 'x' to move:
               x
               v
-----------------
                 
                 
                 
                 
                 
                 
                 
                 
   o     o    ox 
  xx    oo    ox 
 ooox  xxx   xox 
-----------------
01234567890123456
Player 'o' to move:
         o
         v
-----------------
                 
                 
                 
                 
                 
                 
                 
         o       
   o     o    ox 
  xx    oo    ox 
 ooox  xxx   xox 
-----------------
01234567890123456
Player 'x' to move:
          x
          v
-----------------
                 
                 
                 
                 
                 
                 
                 
         o       
   o     o    ox 
  xx    oo    ox 
 ooox  xxxx  xox 
-----------------
01234567890123456
Player 'x' wins!
