-----------------
                 
                 
                 
                 
                 
                 
                 
                 
                 
                 
                 
-----------------
01234567890123456
Player 'o' to move:
              o
              v
-----------------
                 
                 
                 
                 
                 
                 
                 
                 
                 
                 
              o  
-----------------
01234567890123456
Player 'x' to move:
              x
              v
-----------------
                 
                 
                 
                 
                 
                 
                 
                 
                 
              x  
              o  
-----------------
01234567890123456
Player 'o' to move:
o
v
-----------------
                 
                 
                 
                 
                 
                 
                 
                 
                 
              x  
o             o  
-----------------
01234567890123456
Player 'x' to move:
  x
  v
-----------------
                 
                 
                 
                 
                 
                 
                 
                 
                 
              x  
o x           o  
-----------------
01234567890123456
Player 'o' to move:
         o
         v
-----------------
                 
                 
                 
                 
                 
                 
                 
                 
                 
              x  
o x      o    o  
-----------------
01234567890123456
Player 'x' to move:
      x
      v
-----------------
                 
                 
                 
                 
                 
                 
                 
                 
                 
              x  
o x   x  o    o  
-----------------
01234567890123456
Player 'o' to move:
   o
   v
-----------------
                 
                 
                 
                 
                 
                 
                 
                 
                 
              x  
o xo  x  o    o  
-----------------
01234567890123456
Player 'x' to move:
   x
   v
-----------------
                 
                 
                 
                 
                 
                 
                 
                 
                 
   x          x  
o xo  x  o    o  
-----------------
01234567890123456
Player 'o' to move:
             o
             v
-----------------
                 
                 
                 
                 
                 
                 
                 
                 
                 
   x          x  
o xo  x  o   oo  
-----------------
01234567890123456
Player 'x' to move:
       x
       v
-----------------
                 
                 
                 
                 
                 
                 
                 
                 
                 
   x          x  
o xo  xx o   oo  
-----------------
01234567890123456
Player 'o' to move:
           o
           v
-----------------
                 
                 
                 
                 
                 
                 
                 
                 
                 
   x          x  
o xo  xx o o oo  
-----------------
01234567890123456
Player 'x' to move:
   x
   v
-----------------
                 
                 
                 
                 
                 
                 
                 
                 
   x             
   x          x  
o xo  xx o o oo  
-----------------
01234567890123456
Player 'o' to move:
 o
 v
-----------------
                 
                 
                 
                 
                 
                 
                 
                 
   x             
   x          x  
ooxo  xx o o oo  
-----------------
01234567890123456
Player 'x' to move:
                x
                v
-----------------
                 
                 
                 
                 
                 
                 
                 
                 
   x             
   x          x  
ooxo  xx o o oo x
-----------------
01234567890123456
Player 'o' to move:
  o
  v
-----------------
                 
                 
                 
                 
                 
                 
                 
                 
   x             
  ox          x  
ooxo  xx o o oo x
-----------------
01234567890123456
Player 'x' to move:
                x
                v
-----------------
                 
                 
                 
                 
                 
                 
                 
                 
   x             
  ox          x x
ooxo  xx o o oo x
-----------------
01234567890123456
Player 'o' to move:
        o
        v
-----------------
                 
                 
                 
                 
                 
                 
                 
                 
   x             
  ox          x x
ooxo  xxoo o oo x
-----------------
01234567890123456
Player 'x' to move:
x
v
-----------------
                 
                 
                 
                 
                 
                 
                 
                 
   x             
x ox          x x
ooxo  xxoo o oo x
-----------------
01234567890123456
Player 'o' to move:
      o
      v
-----------------
                 
                 
                 
                 
                 
                 
                 
                 
   x             
x ox  o       x x
ooxo  xxoo o oo x
-----------------
01234567890123456
Player 'x' to move:
x
v
-----------------
                 
                 
                 
                 
                 
                 
                 
                 
x  x             
x ox  o       x x
ooxo  xxoo o oo x
-----------------
01234567890123456
Player 'o' to move:
            o
            v
-----------------
                 
                 
                 
                 
                 
                 
                 
                 
x  x             
x ox  o       x x
ooxo  xxoo oooo x
-----------------
01234567890123456
Player 'o' wins!
