-----------------
                 
                 
                 
                 
                 
                 
                 
                 
                 
                 
                 
-----------------
01234567890123456
Player 'x' to move:
  x
  v
-----------------
                 
                 
                 
                 
                 
                 
                 
                 
                 
                 
  x              
-----------------
01234567890123456
Player 'o' to move:
        o
        v
-----------------
                 
                 
                 
                 
                 
                 
                 
                 
                 
                 
  x     o        
-----------------
01234567890123456
Player 'x' to move:
        x
        v
-----------------
                 
                 
                 
                 
                 
                 
                 
                 
                 
        x        
  x     o        
-----------------
01234567890123456
Player 'o' to move:
  o
  v
-----------------
                 
                 
                 
                 
                 
                 
                 
                 
                 
  o     x        
  x     o        
-----------------
01234567890123456
Player 'x' to move:
   x
   v
-----------------
                 
                 
                 
                 
                 
                 
                 
                 
                 
  o     x        
  xx    o        
-----------------
01234567890123456
Player 'o' to move:
   o
   v
-----------------
                 
                 
                 
                 
                 
                 
                 
                 
                 
  oo    x        
  xx    o        
-----------------
01234567890123456
Player 'x' to move:
              x
              v
-----------------
                 
                 
                 
                 
                 
                 
                 
                 
                 
  oo    x        
  xx    o     x  
-----------------
01234567890123456
Player 'o' to move:
       o
       v
-----------------
                 
                 
                 
                 
                 
                 
                 
                 
                 
  oo    x        
  xx   oo     x  
-----------------
01234567890123456
Player 'x' to move:
              x
              v
-----------------
                 
                 
                 
                 
                 
                 
                 
                 
                 
  oo    x     x  
  xx   oo     x  
-----------------
01234567890123456
Player 'o' to move:
         o
         v
-----------------
                 
                 
                 
                 
                 
                 
                 
                 
                 
  oo    x     x  
  xx   ooo    x  
-----------------
01234567890123456
Player 'x' to move:
   x
   v
-----------------
                 
                 
                 
                 
                 
                 
                 
                 
   x             
  oo    x     x  
  xx   ooo    x  
-----------------
01234567890123456
Player 'o' to move:
               o
               v
-----------------
                 
                 
                 
                 
                 
                 
                 
                 
   x             
  oo    x     x  
  xx   ooo    xo 
-----------------
01234567890123456
Player 'x' to move:
 x
 v
-----------------
                 
                 
                 
                 
                 
                 
                 
                 
   x             
  oo    x     x  
 xxx   ooo    xo 
-----------------
01234567890123456
Player 'o' to move:
             o
             v
-----------------
                 
                 
                 
                 
                 
                 
                 
                 
   x             
  oo    x     x  
 xxx   ooo   oxo 
-----------------
01234567890123456
Player 'x' to move:
         x
         v
-----------------
                 
                 
                 
                 
                 
                 
                 
                 
   x             
  oo    xx    x  
 xxx   ooo   oxo 
-----------------
01234567890123456
Player 'o' to move:
    o
    v
-----------------
                 
                 
                 
                 
                 
                 
                 
                 
   x             
  oo    xx    x  
 xxxo  ooo   oxo 
-----------------
01234567890123456
Player 'x' to move:
              x
              v
-----------------
                 
                 
                 
                 
                 
                 
                 
                 
   x          x  
  oo    xx    x  
 xxxo  ooo   oxo 
-----------------
01234567890123456
Player 'o' to move:
               o
               v
-----------------
                 
                 
                 
                 
                 
                 
                 
                 
   x          x  
  oo    xx    xo 
 xxxo  ooo   oxo 
-----------------
01234567890123456
Player 'x' to move:
         x
         v
-----------------
                 
                 
                 
                 
                 
                 
                 
                 
   x     x    x  
  oo    xx    xo 
 xxxo  ooo   oxo 
-----------------
01234567890123456
Player 'o' to move:
               o
               v
-----------------
                 
                 
                 
                 
                 
                 
                 
                 
   x     x    xo 
  oo    xx    xo 
 xxxo  ooo   oxo 
-----------------
01234567890123456
Player 'x' to move:
         x
         v
-----------------
                 
                 
                 
                 
                 
                 
                 
         x       
   x     x    xo 
  oo    xx    xo 
 xxxo  ooo   oxo 
-----------------
01234567890123456
Player 'o' to move:
          o
          v
-----------------
                 
                 
                 
                 
                 
                 
                 
         x       
   x     x    xo 
  oo    xx    xo 
 xxxo  oooo  oxo 
-----------------
01234567890123456
Player 'o' wins!
